157.19372511937325 166.6243071691194 98.65224335785396 74.56829399722382 
163.4370467342374 105.66671038263337 62.80926618974213 51.553591382013764 

133.77206696822324 168.1822071533407 117.3305574937223 90.06302543280161 
115.33410965665246 106.43805629761815 139.59880457119039 81.15674734272785 

